Command: "C:\\Program Files\\Zulu\\zulu-25\\bin\\java.exe" -Xmx8323m -Dfile.encoding=UTF-8 -Dstdout.encoding=UTF-8 -Dstderr.encoding=UTF-8 -Djava.rmi.server.useCodebaseOnly=true -Dcom.sun.jndi.rmi.object.trustURLCodebase=false -Dcom.sun.jndi.cosnaming.object.trustURLCodebase=false -Dlog4j2.formatMsgNoLookups=true -Dlog4j.configurationFile=D:\MC\.minecraft\versions\26.2-Fabric\log4j2.xml -Dminecraft.client.jar=D:\MC\.minecraft\versions\26.2-Fabric\26.2-Fabric.jar -Djava.net.useSystemProxies=true -XX:+UnlockExperimentalVMOptions -XX:+UnlockDiagnosticVMOptions -XX:+UseG1GC -XX:G1MixedGCCountTarget=5 -XX:G1NewSizePercent=20 -XX:G1ReservePercent=20 -XX:MaxGCPauseMillis=50 -XX:G1HeapRegionSize=32m -XX:-OmitStackTraceInFastThrow -XX:-DontCompileHugeMethods -XX:MaxNodeLimit=240000 -XX:NodeLimitFudgeFactor=8000 -XX:TieredCompileTaskTimeout=10000 -XX:ReservedCodeCacheSize=400M -XX:NonNMethodCodeHeapSize=12M -XX:ProfiledCodeHeapSize=194M -XX:NmethodSweepActivity=1 -XX:+UseCompactObjectHeaders --sun-misc-unsafe-memory-access=allow -Dfml.ignoreInvalidMinecraftCertificates=true -Dfml.ignorePatchDiscrepancies=true -XX:HeapDumpPath=MojangTricksIntelDriversForPerformance_javaw.exe_minecraft.exe.heapdump --sun-misc-unsafe-memory-access=allow --enable-native-access=ALL-UNNAMED -Djava.library.path=D:\MC\.minecraft\versions\26.2-Fabric\natives-windows-x86_64/java -Djna.tmpdir=D:\MC\.minecraft\versions\26.2-Fabric\natives-windows-x86_64/jna -Dorg.lwjgl.system.SharedLibraryExtractPath=D:\MC\.minecraft\versions\26.2-Fabric\natives-windows-x86_64/lwjgl -Dio.netty.native.workdir=D:\MC\.minecraft\versions\26.2-Fabric\natives-windows-x86_64/netty -Dminecraft.launcher.brand=HMCL -Dminecraft.launcher.version=3.16.3 -cp D:\MC\.minecraft\libraries\org\ow2\asm\asm\9.10.1\asm-9.10.1.jar;D:\MC\.minecraft\libraries\org\ow2\asm\asm-analysis\9.10.1\asm-analysis-9.10.1.jar;D:\MC\.minecraft\libraries\org\ow2\asm\asm-commons\9.10.1\asm-commons-9.10.1.jar;D:\MC\.minecraft\libraries\org\ow2\asm\asm-tree\9.10.1\asm-tree-9.10.1.jar;D:\MC\.minecraft\libraries\org\ow2\asm\asm-util\9.10.1\asm-util-9.10.1.jar;D:\MC\.minecraft\libraries\net\fabricmc\sponge-mixin\0.17.4+mixin.0.8.7\sponge-mixin-0.17.4+mixin.0.8.7.jar;D:\MC\.minecraft\libraries\net\fabricmc\intermediary\0.0.0\intermediary-0.0.0.jar;D:\MC\.minecraft\libraries\net\fabricmc\fabric-loader\0.19.5\fabric-loader-0.19.5.jar;D:\MC\.minecraft\libraries\at\yawk\lz4\lz4-java\1.10.1\lz4-java-1.10.1.jar;D:\MC\.minecraft\libraries\com\azure\azure-json\1.4.0\azure-json-1.4.0.jar;D:\MC\.minecraft\libraries\com\github\oshi\oshi-core\6.9.0\oshi-core-6.9.0.jar;D:\MC\.minecraft\libraries\com\google\code\gson\gson\2.14.0\gson-2.14.0.jar;D:\MC\.minecraft\libraries\com\google\guava\failureaccess\1.0.3\failureaccess-1.0.3.jar;D:\MC\.minecraft\libraries\com\google\guava\guava\33.6.0-jre\guava-33.6.0-jre.jar;D:\MC\.minecraft\libraries\com\ibm\icu\icu4j\78.3\icu4j-78.3.jar;D:\MC\.minecraft\libraries\com\microsoft\azure\msal4j\1.24.1\msal4j-1.24.1.jar;D:\MC\.minecraft\libraries\com\mojang\authlib\9.0.75\authlib-9.0.75.jar;D:\MC\.minecraft\libraries\com\mojang\blocklist\1.0.10\blocklist-1.0.10.jar;D:\MC\.minecraft\libraries\com\mojang\brigadier\1.3.10\brigadier-1.3.10.jar;D:\MC\.minecraft\libraries\com\mojang\datafixerupper\10.0.21\datafixerupper-10.0.21.jar;D:\MC\.minecraft\libraries\com\mojang\jtracy\1.0.37\jtracy-1.0.37.jar;D:\MC\.minecraft\libraries\com\mojang\jtracy\1.0.37\jtracy-1.0.37-natives-windows.jar;D:\MC\.minecraft\libraries\com\mojang\logging\1.7.12\logging-1.7.12.jar;D:\MC\.minecraft\libraries\com\mojang\patchy\2.2.10\patchy-2.2.10.jar;D:\MC\.minecraft\libraries\com\mojang\text2speech\1.19.12\text2speech-1.19.12.jar;D:\MC\.minecraft\libraries\commons-codec\commons-codec\1.22.0\commons-codec-1.22.0.jar;D:\MC\.minecraft\libraries\commons-io\commons-io\2.20.0\commons-io-2.20.0.jar;D:\MC\.minecraft\libraries\io\netty\netty-buffer\4.2.15.Final\netty-buffer-4.2.15.Final.jar;D:\MC\.minecraft\libraries\io\netty\netty-codec-base\4.2.15.Final\netty-codec-base-4.2.15.Final.jar;D:\MC\.minecraft\libraries\io\netty\netty-codec-compression\4.2.15.Final\netty-codec-compression-4.2.15.Final.jar;D:\MC\.minecraft\libraries\io\netty\netty-codec-http\4.2.15.Final\netty-codec-http-4.2.15.Final.jar;D:\MC\.minecraft\libraries\io\netty\netty-common\4.2.15.Final\netty-common-4.2.15.Final.jar;D:\MC\.minecraft\libraries\io\netty\netty-handler\4.2.15.Final\netty-handler-4.2.15.Final.jar;D:\MC\.minecraft\libraries\io\netty\netty-resolver\4.2.15.Final\netty-resolver-4.2.15.Final.jar;D:\MC\.minecraft\libraries\io\netty\netty-transport-classes-epoll\4.2.15.Final\netty-transport-classes-epoll-4.2.15.Final.jar;D:\MC\.minecraft\libraries\io\netty\netty-transport-classes-kqueue\4.2.15.Final\netty-transport-classes-kqueue-4.2.15.Final.jar;D:\MC\.minecraft\libraries\io\netty\netty-transport-native-unix-common\4.2.15.Final\netty-transport-native-unix-common-4.2.15.Final.jar;D:\MC\.minecraft\libraries\io\netty\netty-transport\4.2.15.Final\netty-transport-4.2.15.Final.jar;D:\MC\.minecraft\libraries\it\unimi\dsi\fastutil\8.5.18\fastutil-8.5.18.jar;D:\MC\.minecraft\libraries\net\java\dev\jna\jna-platform\5.17.0\jna-platform-5.17.0.jar;D:\MC\.minecraft\libraries\net\java\dev\jna\jna\5.17.0\jna-5.17.0.jar;D:\MC\.minecraft\libraries\net\sf\jopt-simple\jopt-simple\5.0.4\jopt-simple-5.0.4.jar;D:\MC\.minecraft\libraries\org\apache\commons\commons-compress\1.28.0\commons-compress-1.28.0.jar;D:\MC\.minecraft\libraries\org\apache\commons\commons-lang3\3.20.0\commons-lang3-3.20.0.jar;D:\MC\.minecraft\libraries\org\apache\logging\log4j\log4j-api\2.26.0\log4j-api-2.26.0.jar;D:\MC\.minecraft\libraries\org\apache\logging\log4j\log4j-core\2.26.0\log4j-core-2.26.0.jar;D:\MC\.minecraft\libraries\org\apache\logging\log4j\log4j-slf4j2-impl\2.26.0\log4j-slf4j2-impl-2.26.0.jar;D:\MC\.minecraft\libraries\org\jcraft\jorbis\0.0.17\jorbis-0.0.17.jar;D:\MC\.minecraft\libraries\org\joml\joml\1.10.8\joml-1.10.8.jar;D:\MC\.minecraft\libraries\org\jspecify\jspecify\1.0.0\jspecify-1.0.0.jar;D:\MC\.minecraft\libraries\org\lwjgl\lwjgl-freetype\3.4.1\lwjgl-freetype-3.4.1.jar;D:\MC\.minecraft\libraries\org\lwjgl\lwjgl-freetype\3.4.1\lwjgl-freetype-3.4.1-natives-windows.jar;D:\MC\.minecraft\libraries\org\lwjgl\lwjgl-freetype\3.4.1\lwjgl-freetype-3.4.1-natives-windows-arm64.jar;D:\MC\.minecraft\libraries\org\lwjgl\lwjgl-freetype\3.4.1\lwjgl-freetype-3.4.1-natives-windows-x86.jar;D:\MC\.minecraft\libraries\org\lwjgl\lwjgl-glfw\3.4.1\lwjgl-glfw-3.4.1.jar;D:\MC\.minecraft\libraries\org\lwjgl\lwjgl-glfw\3.4.1\lwjgl-glfw-3.4.1-natives-windows.jar;D:\MC\.minecraft\libraries\org\lwjgl\lwjgl-glfw\3.4.1\lwjgl-glfw-3.4.1-natives-windows-arm64.jar;D:\MC\.minecraft\libraries\org\lwjgl\lwjgl-glfw\3.4.1\lwjgl-glfw-3.4.1-natives-windows-x86.jar;D:\MC\.minecraft\libraries\org\lwjgl\lwjgl-jemalloc\3.4.1\lwjgl-jemalloc-3.4.1.jar;D:\MC\.minecraft\libraries\org\lwjgl\lwjgl-jemalloc\3.4.1\lwjgl-jemalloc-3.4.1-natives-windows.jar;D:\MC\.minecraft\libraries\org\lwjgl\lwjgl-jemalloc\3.4.1\lwjgl-jemalloc-3.4.1-natives-windows-arm64.jar;D:\MC\.minecraft\libraries\org\lwjgl\lwjgl-jemalloc\3.4.1\lwjgl-jemalloc-3.4.1-natives-windows-x86.jar;D:\MC\.minecraft\libraries\org\lwjgl\lwjgl-openal\3.4.1\lwjgl-openal-3.4.1.jar;D:\MC\.minecraft\libraries\org\lwjgl\lwjgl-openal\3.4.1\lwjgl-openal-3.4.1-natives-windows.jar;D:\MC\.minecraft\libraries\org\lwjgl\lwjgl-openal\3.4.1\lwjgl-openal-3.4.1-natives-windows-arm64.jar;D:\MC\.minecraft\libraries\org\lwjgl\lwjgl-openal\3.4.1\lwjgl-openal-3.4.1-natives-windows-x86.jar;D:\MC\.minecraft\libraries\org\lwjgl\lwjgl-opengl\3.4.1\lwjgl-opengl-3.4.1.jar;D:\MC\.minecraft\libraries\org\lwjgl\lwjgl-opengl\3.4.1\lwjgl-opengl-3.4.1-natives-windows.jar;D:\MC\.minecraft\libraries\org\lwjgl\lwjgl-opengl\3.4.1\lwjgl-opengl-3.4.1-natives-windows-arm64.jar;D:\MC\.minecraft\libraries\org\lwjgl\lwjgl-opengl\3.4.1\lwjgl-opengl-3.4.1-natives-windows-x86.jar;D:\MC\.minecraft\libraries\org\lwjgl\lwjgl-shaderc\3.4.1\lwjgl-shaderc-3.4.1.jar;D:\MC\.minecraft\libraries\org\lwjgl\lwjgl-shaderc\3.4.1\lwjgl-shaderc-3.4.1-natives-windows.jar;D:\MC\.minecraft\libraries\org\lwjgl\lwjgl-shaderc\3.4.1\lwjgl-shaderc-3.4.1-natives-windows-arm64.jar;D:\MC\.minecraft\libraries\org\lwjgl\lwjgl-shaderc\3.4.1\lwjgl-shaderc-3.4.1-natives-windows-x86.jar;D:\MC\.minecraft\libraries\org\lwjgl\lwjgl-spvc\3.4.1\lwjgl-spvc-3.4.1.jar;D:\MC\.minecraft\libraries\org\lwjgl\lwjgl-spvc\3.4.1\lwjgl-spvc-3.4.1-natives-windows.jar;D:\MC\.minecraft\libraries\org\lwjgl\lwjgl-spvc\3.4.1\lwjgl-spvc-3.4.1-natives-windows-arm64.jar;D:\MC\.minecraft\libraries\org\lwjgl\lwjgl-spvc\3.4.1\lwjgl-spvc-3.4.1-natives-windows-x86.jar;D:\MC\.minecraft\libraries\org\lwjgl\lwjgl-stb\3.4.1\lwjgl-stb-3.4.1.jar;D:\MC\.minecraft\libraries\org\lwjgl\lwjgl-stb\3.4.1\lwjgl-stb-3.4.1-natives-windows.jar;D:\MC\.minecraft\libraries\org\lwjgl\lwjgl-stb\3.4.1\lwjgl-stb-3.4.1-natives-windows-arm64.jar;D:\MC\.minecraft\libraries\org\lwjgl\lwjgl-stb\3.4.1\lwjgl-stb-3.4.1-natives-windows-x86.jar;D:\MC\.minecraft\libraries\org\lwjgl\lwjgl-tinyfd\3.4.1\lwjgl-tinyfd-3.4.1.jar;D:\MC\.minecraft\libraries\org\lwjgl\lwjgl-tinyfd\3.4.1\lwjgl-tinyfd-3.4.1-natives-windows.jar;D:\MC\.minecraft\libraries\org\lwjgl\lwjgl-tinyfd\3.4.1\lwjgl-tinyfd-3.4.1-natives-windows-arm64.jar;D:\MC\.minecraft\libraries\org\lwjgl\lwjgl-tinyfd\3.4.1\lwjgl-tinyfd-3.4.1-natives-windows-x86.jar;D:\MC\.minecraft\libraries\org\lwjgl\lwjgl-vma\3.4.1\lwjgl-vma-3.4.1.jar;D:\MC\.minecraft\libraries\org\lwjgl\lwjgl-vma\3.4.1\lwjgl-vma-3.4.1-natives-windows.jar;D:\MC\.minecraft\libraries\org\lwjgl\lwjgl-vma\3.4.1\lwjgl-vma-3.4.1-natives-windows-arm64.jar;D:\MC\.minecraft\libraries\org\lwjgl\lwjgl-vma\3.4.1\lwjgl-vma-3.4.1-natives-windows-x86.jar;D:\MC\.minecraft\libraries\org\lwjgl\lwjgl-vulkan\3.4.1\lwjgl-vulkan-3.4.1.jar;D:\MC\.minecraft\libraries\org\lwjgl\lwjgl\3.4.1\lwjgl-3.4.1-natives-windows.jar;D:\MC\.minecraft\libraries\org\lwjgl\lwjgl\3.4.1\lwjgl-3.4.1-natives-windows-arm64.jar;D:\MC\.minecraft\libraries\org\lwjgl\lwjgl\3.4.1\lwjgl-3.4.1-natives-windows-x86.jar;D:\MC\.minecraft\libraries\org\lwjgl\lwjgl\3.4.1\lwjgl-3.4.1-unsafe.jar;D:\MC\.minecraft\libraries\org\slf4j\slf4j-api\2.0.17\slf4j-api-2.0.17.jar;D:\MC\.minecraft\versions\26.2-Fabric\26.2-Fabric.jar net.fabricmc.loader.impl.launch.knot.KnotClient --username ruby --version 26.2-Fabric --gameDir D:\MC\.minecraft\versions\26.2-Fabric --assetsDir D:\MC\.minecraft\assets --assetIndex 32 --uuid eaa2cdabfa9d31eeade6d47bac4d8ccc --accessToken fc56317dfa0d423fad2f189aabe60cad --clientId ${clientid} --xuid ${auth_xuid} --versionType "HMCL 3.16.3" --width 854 --height 480
[13:10:02] [main/INFO]: Loading Minecraft 26.2 with Fabric Loader 0.19.5
[13:10:03] [main/WARN]: Warnings were found!
 - 模组 'Dynamic FPS' (dynamic_fps) 3.11.9 建议安装 cloth-config 的 任意版本，但没有安装它！
	 - 为了最佳体验，您应该安装 cloth-config 的 任意版本。
[13:10:03] [main/INFO]: Loading 66 mods:
	- dynamic_fps 3.11.9
	   |-- dynamic_fps_common 3.11.9
	   \-- net_lostluma_battery 2.1.0
	- fabric-api 0.158.0+26.2
	   |-- fabric-api-base 2.0.4+ece063239e
	   |-- fabric-api-lookup-api-v1 2.0.17+11e1c9a39e
	   |-- fabric-biome-api-v1 18.0.6+c7bd5b8e9e
	   |-- fabric-block-api-v1 3.0.3+ec56b6019e
	   |-- fabric-block-getter-api-v2 2.0.7+ec56b6019e
	   |-- fabric-command-api-v2 3.1.0+00cb03469e
	   |-- fabric-content-registries-v0 11.3.1+37b1aa249e
	   |-- fabric-convention-tags-v2 4.7.0+1f023a9e9e
	   |-- fabric-crash-report-info-v1 1.0.5+086d547a9e
	   |-- fabric-creative-tab-api-v1 5.0.14+d871b99e9e
	   |-- fabric-data-attachment-api-v1 2.2.18+515ac5339e
	   |-- fabric-data-generation-api-v1 25.5.0+aed122aa9e
	   |-- fabric-debug-api-v1 1.0.2+c792624d9e
	   |-- fabric-dimensions-v1 5.1.11+515ac5339e
	   |-- fabric-entity-events-v1 5.0.5+06488ac19e
	   |-- fabric-events-interaction-v0 5.2.7+515ac5339e
	   |-- fabric-game-rule-api-v1 4.0.8+46a6d00c9e
	   |-- fabric-item-api-v1 14.5.0+c68f6cbe9e
	   |-- fabric-key-mapping-api-v1 2.0.5+e2bdee789e
	   |-- fabric-lifecycle-events-v1 4.1.3+4575b05f9e
	   |-- fabric-loot-api-v3 3.0.17+06488ac19e
	   |-- fabric-menu-api-v1 2.0.16+086d547a9e
	   |-- fabric-message-api-v1 7.0.8+bb2ed3f79e
	   |-- fabric-model-loading-api-v1 8.0.16+c80601bb9e
	   |-- fabric-networking-api-v1 6.3.3+72073ef09e
	   |-- fabric-object-builder-api-v1 24.1.0+6fcd5f039e
	   |-- fabric-particles-v1 5.0.18+d1756aa99e
	   |-- fabric-permission-api-v1 1.0.5+e442d8d09e
	   |-- fabric-recipe-api-v1 9.0.20+11e1c9a39e
	   |-- fabric-registry-sync-v0 7.1.0+c7bd5b8e9e
	   |-- fabric-renderer-api-v1 14.1.3+2b0d8a229e
	   |-- fabric-renderer-indigo 9.1.3+2b0d8a229e
	   |-- fabric-rendering-fluids-v1 6.0.4+06488ac19e
	   |-- fabric-rendering-v1 25.3.2+515ac5339e
	   |-- fabric-resource-conditions-api-v1 6.1.0+10e9a28b9e
	   |-- fabric-resource-loader-v0 3.3.20+4fc5413f9e
	   |-- fabric-resource-loader-v1 2.0.13+9edec1269e
	   |-- fabric-screen-api-v1 5.2.0+58e078ad9e
	   |-- fabric-serialization-api-v1 2.0.4+11a26f319e
	   |-- fabric-sound-api-v1 2.0.5+11a26f319e
	   |-- fabric-tag-api-v1 2.1.4+515ac5339e
	   |-- fabric-transfer-api-v1 8.0.12+11dbb7d79e
	   \-- fabric-transitive-access-wideners-v1 8.1.4+67c847259e
	- fabricloader 0.19.5
	   \-- mixinextras 0.5.5
	- ferritecore 9.0.0
	- iris 1.11.2+mc26.2
	   |-- io_github_douira_glsl-transformer 3.0.0-pre3
	   |-- org_anarres_jcpp 1.4.14
	   \-- org_antlr_antlr4-runtime 4.13.1
	- java 25
	- litematica 0.28.6
	   \-- conditional-mixin 0.6.4
	- lithium 0.25.3+mc26.2
	- malilib 0.29.5
	   |-- conditional-mixin 0.6.4
	   \-- fabric-api-base 2.0.4+ece063239e
	- minecraft 26.2
	- modmenu 20.0.1
	   \-- fabric-api-base 2.0.4+ece063239e
	- placeholder-api 3.1.0-beta.1+26.2
	- replaymod 26.2-2.6.27
	   |-- fabric-api-base 2.0.4+ece063239e
	   \-- fabric-resource-loader-v0 3.3.20+4fc5413f9e
	- savesnapshot 1.0.0
	- sodium 0.9.1+mc26.2
	- tickrate 0.7.1-26.2
[13:10:03] [main/INFO]: SpongePowered MIXIN Subsystem Version=0.8.7 Source=file:/D:/MC/.minecraft/libraries/net/fabricmc/sponge-mixin/0.17.4+mixin.0.8.7/sponge-mixin-0.17.4+mixin.0.8.7.jar Service=Knot/Fabric Env=CLIENT
[13:10:03] [main/WARN]: Reference map 'iris.refmap.json' for mixins.iris.json could not be read. If this is a development environment you can ignore this message
[13:10:03] [main/WARN]: Reference map 'iris-fabric.refmap.json' for mixins.iris.fabric.json could not be read. If this is a development environment you can ignore this message
[13:10:03] [main/WARN]: Reference map 'iris.refmap.json' for mixins.iris.vertexformat.json could not be read. If this is a development environment you can ignore this message
[13:10:03] [main/WARN]: Reference map 'iris.refmap.json' for mixins.iris.bettermipmaps.json could not be read. If this is a development environment you can ignore this message
[13:10:03] [main/WARN]: Reference map 'iris.refmap.json' for mixins.iris.compat.sodium.json could not be read. If this is a development environment you can ignore this message
[13:10:03] [main/WARN]: Reference map 'iris.refmap.json' for mixins.iris.fixes.maxfpscrash.json could not be read. If this is a development environment you can ignore this message
[13:10:03] [main/INFO]: Loaded configuration file for Lithium: 171 options available, 1 override(s) found.
[13:10:03] [main/WARN]: Reference map 'mixins.jgui.refmap.json' for mixins.jgui.json could not be read. If this is a development environment you can ignore this message
[13:10:03] [main/WARN]: Reference map 'mixins.nonmmlauncher.replaymod.refmap.json' for mixins.nonmmlauncher.replaymod.json could not be read. If this is a development environment you can ignore this message
[13:10:03] [main/INFO]: Loaded configuration file for Sodium: 36 options available, 1 override(s) found
[13:10:04] [main/INFO]: Force-disabling mixin 'world.tick_scheduler.LevelChunkTicksMixin' as rule 'mixin.world.tick_scheduler' (added by mods [tickrate]) disables it and children
[13:10:04] [main/WARN]: Force-disabling mixin 'features.render.world.sky.LevelRendererMixin' as rule 'mixin.features.render.world.sky' (added by mods [iris]) disables it and children
[13:10:04] [main/WARN]: Error loading class: traben/entity_model_features/models/animation/EMFAnimationEntityContext (java.lang.ClassNotFoundException: traben/entity_model_features/models/animation/EMFAnimationEntityContext)
[13:10:04] [main/WARN]: @Mixin target traben.entity_model_features.models.animation.EMFAnimationEntityContext was not found tickrate.client.mixins.compat.json:emf.EMFAnimationEntityContextMixin from mod tickrate
[13:10:04] [main/WARN]: Reference map 'mixins.replaymod.refmap.json' for mixins.compat.mapwriter.replaymod.json could not be read. If this is a development environment you can ignore this message
[13:10:04] [main/WARN]: Reference map 'mixins.replaymod.refmap.json' for mixins.compat.shaders.replaymod.json could not be read. If this is a development environment you can ignore this message
[13:10:04] [main/WARN]: Reference map 'mixins.replaymod.refmap.json' for mixins.core.replaymod.json could not be read. If this is a development environment you can ignore this message
[13:10:04] [main/WARN]: Reference map 'mixins.replaymod.refmap.json' for mixins.extras.playeroverview.replaymod.json could not be read. If this is a development environment you can ignore this message
[13:10:04] [main/WARN]: Reference map 'mixins.replaymod.refmap.json' for mixins.recording.replaymod.json could not be read. If this is a development environment you can ignore this message
[13:10:04] [main/WARN]: Reference map 'mixins.replaymod.refmap.json' for mixins.render.blend.replaymod.json could not be read. If this is a development environment you can ignore this message
[13:10:04] [main/WARN]: Reference map 'mixins.replaymod.refmap.json' for mixins.render.replaymod.json could not be read. If this is a development environment you can ignore this message
[13:10:04] [main/WARN]: Reference map 'mixins.replaymod.refmap.json' for mixins.replay.replaymod.json could not be read. If this is a development environment you can ignore this message
[13:10:04] [main/WARN]: Error loading class: net/optifine/render/ChunkVisibility (java.lang.ClassNotFoundException: net/optifine/render/ChunkVisibility)
[13:10:04] [main/WARN]: Error loading class: shadersmod/client/ShadersRender (java.lang.ClassNotFoundException: shadersmod/client/ShadersRender)
[13:10:04] [main/WARN]: Error loading class: net/optifine/shaders/ShadersRender (java.lang.ClassNotFoundException: net/optifine/shaders/ShadersRender)
[13:10:04] [main/INFO]: Searching for graphics cards...
[13:10:04] [main/INFO]: Found graphics adapter: AdapterInfo{vendor=NVIDIA, description='NVIDIA GeForce RTX 4070', adapterType=0x0000030B, openglIcdFilePath='C:\Windows\System32\DriverStore\FileRepository\nv_dispi.inf_amd64_b7cca8360c0d57e9\nvoglv64.dll', openglIcdVersion=32.0.15.9649}
[13:10:04] [main/WARN]: Sodium has applied one or more workarounds to prevent crashes or other issues on your system: [NVIDIA_THREADED_OPTIMIZATIONS_BROKEN]
[13:10:04] [main/WARN]: This is not necessarily an issue, but it may result in certain features or optimizations being disabled. You can sometimes fix these issues by upgrading your graphics driver.
[13:10:04] [main/INFO]: Initializing MixinExtras via com.llamalad7.mixinextras.service.MixinExtrasServiceImpl(version=0.5.5).
[13:10:05] [Datafixer Bootstrap #0/INFO]: 295 Datafixer optimizations took 164 milliseconds
[13:10:08] [Render thread/INFO]: mixins.core.replaymod.json:BlockableEventLoopAccessor from mod (unknown)->@Accessor[FIELD_GETTER]::getDelayedCrash()Ljava/util/function/Supplier; should be static as its target is
[13:10:08] [Render thread/INFO]: Environment: Environment[sessionHost=https://sessionserver.mojang.com, servicesHost=https://api.minecraftservices.com, profilesHost=https://api.mojang.com, name=PROD]
[13:10:08] [Render thread/INFO]: Setting user: ruby
[13:10:08] [Render thread/INFO]: SaveSnapshot initialized
[13:10:08] [Render thread/INFO]: Initializing tickrate!
[13:10:08] [Render thread/INFO]: [Indigo] Different rendering plugin detected; not applying Indigo.
[13:10:08] [Render thread/INFO]: Checking mod updates...
[13:10:08] [Render thread/INFO]: Initializing tickrate client!
[13:10:09] [Render thread/INFO]: Sodium: [0.9.1+mc26.2], Iris: [1.11.2+mc26.2]
[13:10:09] [Render thread/INFO]: Backend library: LWJGL version 3.4.1-snapshot
[13:10:09] [Render thread/INFO]: Modifying process environment to apply workarounds for the NVIDIA graphics driver...
[13:10:09] [Render thread/INFO]: Debug functionality is disabled.
[13:10:09] [Render thread/INFO]: ARB_direct_state_access detected, enabling DSA.
[13:10:09] [Render thread/WARN]: Invalid pack option: GTAO
[13:10:09] [Render thread/WARN]: Invalid pack option: GTAO
[13:10:09] [Render thread/WARN]: Unable to resolve shader pack option menu element "WATER_REFRACTION" defined in shaders.properties
[13:10:09] [Render thread/WARN]: Unable to resolve shader pack option menu element "WATER_REFRACTION_INTENSITY" defined in shaders.properties
[13:10:09] [Render thread/WARN]: Unable to resolve shader pack option menu element "CLOUDS_DAILY_WEATHER" defined in shaders.properties
[13:10:09] [Render thread/WARN]: Unable to resolve shader pack option menu element "CLOUDS_CUMULUS_CONGESTUS_PRIMARY_STEPS_H" defined in shaders.properties
[13:10:09] [Render thread/WARN]: Unable to resolve shader pack option menu element "CLOUDS_CUMULUS_CONGESTUS_PRIMARY_STEPS_Z" defined in shaders.properties
[13:10:09] [Render thread/INFO]: Profile: high (+0 options changed by user)
[13:10:10] [Download-2/ERROR]: Failed to fetch user properties
com.mojang.authlib.exceptions.InvalidCredentialsException: Status: 401
	at knot//com.mojang.authlib.exceptions.MinecraftClientHttpException.toAuthenticationException(MinecraftClientHttpException.java:70)
	at knot//com.mojang.authlib.yggdrasil.YggdrasilUserApiService.fetchProperties(YggdrasilUserApiService.java:173)
	at knot//net.minecraft.client.Minecraft.lambda$new$1(Minecraft.java:438)
	at java.base/java.util.concurrent.CompletableFuture$AsyncSupply.run(CompletableFuture.java:1789)
	at java.base/java.util.concurrent.ThreadPoolExecutor.runWorker(ThreadPoolExecutor.java:1090)
	at java.base/java.util.concurrent.ThreadPoolExecutor$Worker.run(ThreadPoolExecutor.java:614)
	at java.base/java.lang.Thread.run(Thread.java:1474)
Caused by: MinecraftClientHttpException[type=HTTP_ERROR, status=401, response=ErrorResponse[path=/player/attributes, error=null, errorMessage=null, details=null]]
	at knot//com.mojang.authlib.minecraft.client.MinecraftClient.buildHttpException(MinecraftClient.java:170)
	at knot//com.mojang.authlib.minecraft.client.MinecraftClient.readServiceResponse(MinecraftClient.java:147)
	at knot//com.mojang.authlib.minecraft.client.MinecraftClient.getWithEtag(MinecraftClient.java:81)
	at knot//com.mojang.authlib.minecraft.client.MinecraftClient.get(MinecraftClient.java:65)
	at knot//com.mojang.authlib.yggdrasil.YggdrasilUserApiService.fetchProperties(YggdrasilUserApiService.java:123)
	... 5 more
[13:10:10] [Render thread/WARN]: Failed to parse an Identifier in item.properties for the key item.10056: state properties are currently not supported: calibrated_sculk_sensor:sculk_sensor_phase=inactive
[13:10:10] [Render thread/WARN]: Failed to parse an Identifier in item.properties for the key item.10056: state properties are currently not supported: calibrated_sculk_sensor:sculk_sensor_phase=cooldown
[13:10:10] [Render thread/WARN]: Failed to parse an Identifier in item.properties for the key item.10057: state properties are currently not supported: calibrated_sculk_sensor:sculk_sensor_phase=active
[13:10:10] [Render thread/WARN]: Failed to parse an Identifier in item.properties for the key item.10057: state properties are currently not supported: sculk_sensor:sculk_sensor_phase=active
[13:10:10] [Render thread/WARN]: Failed to parse an Identifier in item.properties for the key item.10061: state properties are currently not supported: weathered_copper_bulb:lit=true
[13:10:10] [Render thread/WARN]: Failed to parse an Identifier in item.properties for the key item.10061: state properties are currently not supported: oxidized_copper_bulb:lit=true
[13:10:10] [Render thread/WARN]: Failed to parse an Identifier in item.properties for the key item.10061: state properties are currently not supported: waxed_weathered_copper_bulb:lit=true
[13:10:10] [Render thread/WARN]: Failed to parse an Identifier in item.properties for the key item.10061: state properties are currently not supported: waxed_oxidized_copper_bulb:lit=true
[13:10:10] [Render thread/WARN]: Failed to parse an Identifier in item.properties for the key item.10061: state properties are currently not supported: copper_bulb:lit=true
[13:10:10] [Render thread/WARN]: Failed to parse an Identifier in item.properties for the key item.10061: state properties are currently not supported: exposed_copper_bulb:lit=true
[13:10:10] [Render thread/WARN]: Failed to parse an Identifier in item.properties for the key item.10061: state properties are currently not supported: waxed_copper_bulb:lit=true
[13:10:10] [Render thread/WARN]: Failed to parse an Identifier in item.properties for the key item.10061: state properties are currently not supported: waxed_exposed_copper_bulb:lit=true
[13:10:10] [Render thread/INFO]: Using shaderpack: photon_v1.3b.zip
[13:10:10] [Render thread/INFO]: Using graphics backend OpenGL, using drivers: 3.3.0 NVIDIA 596.49
[13:10:10] [Render thread/INFO]: Using graphics device: NVIDIA GeForce RTX 4070/PCIe/SSE2 (NVIDIA Corporation)
[13:10:10] [Render thread/INFO]: Using graphics device extensions: GL_ARB_multi_draw_indirect, GL_ARB_buffer_storage, GL_ARB_shader_draw_parameters, GL_ARB_base_instance, GL_KHR_debug, GL_ARB_draw_indirect, GL_ARB_clip_control, GL_ARB_vertex_attrib_binding, GL_ARB_direct_state_access, GL_EXT_texture_filter_anisotropic
[13:10:10] [Render thread/INFO]: Assigning MaLiLib Pipelines to Iris Programs:
[13:10:10] [Render thread/WARN]: Found okay program match for malilib:pipeline/position_color/translucent/no_depth/no_cull: BASIC_COLOR
[13:10:10] [Render thread/WARN]: Found okay program match for malilib:pipeline/position_color/translucent/no_depth: BASIC_COLOR
[13:10:10] [Render thread/WARN]: Found okay program match for malilib:pipeline/position_color/translucent/lequal_depth/offset_1: BASIC_COLOR
[13:10:10] [Render thread/WARN]: Found okay program match for malilib:pipeline/position_color/translucent/lequal_depth/offset_2: BASIC_COLOR
[13:10:10] [Render thread/WARN]: Found okay program match for malilib:pipeline/position_color/translucent/lequal_depth/offset_3: BASIC_COLOR
[13:10:10] [Render thread/WARN]: Found okay program match for malilib:pipeline/position_color/translucent/lequal_depth/no_cull: BASIC_COLOR
[13:10:10] [Render thread/WARN]: Found okay program match for malilib:pipeline/position_color/translucent/lequal_depth: BASIC_COLOR
[13:10:10] [Render thread/WARN]: Found okay program match for malilib:pipeline/position_color/translucent/depth_mask: BASIC_COLOR
[13:10:10] [Render thread/WARN]: Found okay program match for malilib:pipeline/position_color/translucent: BASIC_COLOR
[13:10:10] [Render thread/WARN]: Found okay program match for malilib:pipeline/position_color/masa/no_depth/no_cull: BASIC_COLOR
[13:10:10] [Render thread/WARN]: Found okay program match for malilib:pipeline/position_color/masa/no_depth: BASIC_COLOR
[13:10:10] [Render thread/WARN]: Found okay program match for malilib:pipeline/position_color/masa/lequal_depth/offset_1: BASIC_COLOR
[13:10:10] [Render thread/WARN]: Found okay program match for malilib:pipeline/position_color/masa/lequal_depth/offset_2: BASIC_COLOR
[13:10:10] [Render thread/WARN]: Found okay program match for malilib:pipeline/position_color/masa/lequal_depth/offset_3: BASIC_COLOR
[13:10:10] [Render thread/WARN]: Found okay program match for malilib:pipeline/position_color/masa/lequal_depth/no_cull: BASIC_COLOR
[13:10:10] [Render thread/WARN]: Found okay program match for malilib:pipeline/position_color/masa/lequal_depth: BASIC_COLOR
[13:10:10] [Render thread/WARN]: Found okay program match for malilib:pipeline/position_color/masa/depth_mask: BASIC_COLOR
[13:10:10] [Render thread/WARN]: Found okay program match for malilib:pipeline/position_color/masa: BASIC_COLOR
[13:10:10] [Render thread/WARN]: Found okay program match for malilib:pipeline/text_plate_bg/no_depth: BASIC_COLOR
[13:10:10] [Render thread/WARN]: Found okay program match for malilib:pipeline/text_plate_bg: BASIC_COLOR
[13:10:10] [Render thread/WARN]: Found okay program match for malilib:pipeline/minihud/shape/no_depth/offset: BASIC_COLOR
[13:10:10] [Render thread/WARN]: Found okay program match for malilib:pipeline/minihud/shape/no_depth: BASIC_COLOR
[13:10:10] [Render thread/WARN]: Found okay program match for malilib:pipeline/minihud/shape/offset/no_cull: BASIC_COLOR
[13:10:10] [Render thread/WARN]: Found okay program match for malilib:pipeline/minihud/shape/offset: BASIC_COLOR
[13:10:10] [Render thread/WARN]: Found okay program match for malilib:pipeline/minihud/shape/no_cull: BASIC_COLOR
[13:10:10] [Render thread/WARN]: Found okay program match for malilib:pipeline/minihud/shape: BASIC_COLOR
[13:10:10] [Render thread/WARN]: Found *decent* program match for malilib:pipeline/position_color_lines/translucent/no_depth/no_cull: LINES
[13:10:10] [Render thread/WARN]: Found *decent* program match for malilib:pipeline/position_color_lines/translucent/no_depth: LINES
[13:10:10] [Render thread/WARN]: Found *decent* program match for malilib:pipeline/position_color_lines/translucent/lequal_depth/offset_1: LINES
[13:10:10] [Render thread/WARN]: Found *decent* program match for malilib:pipeline/position_color_lines/translucent/lequal_depth/offset_2: LINES
[13:10:10] [Render thread/WARN]: Found *decent* program match for malilib:pipeline/position_color_lines/translucent/lequal_depth/offset_3: LINES
[13:10:10] [Render thread/WARN]: Found *decent* program match for malilib:pipeline/position_color_lines/translucent/lequal_depth/no_cull: LINES
[13:10:10] [Render thread/WARN]: Found *decent* program match for malilib:pipeline/position_color_lines/translucent/lequal_depth: LINES
[13:10:10] [Render thread/WARN]: Found *decent* program match for malilib:pipeline/position_color_lines/translucent: LINES
[13:10:10] [Render thread/WARN]: Found *decent* program match for malilib:pipeline/position_color_lines/masa/no_depth/no_cull: LINES
[13:10:10] [Render thread/WARN]: Found *decent* program match for malilib:pipeline/position_color_lines/masa/no_depth: LINES
[13:10:10] [Render thread/WARN]: Found *decent* program match for malilib:pipeline/position_color_lines/masa/lequal_depth/offset_1: LINES
[13:10:10] [Render thread/WARN]: Found *decent* program match for malilib:pipeline/position_color_lines/masa/lequal_depth/offset_2: LINES
[13:10:10] [Render thread/WARN]: Found *decent* program match for malilib:pipeline/position_color_lines/masa/lequal_depth/offset_3: LINES
[13:10:10] [Render thread/WARN]: Found *decent* program match for malilib:pipeline/position_color_lines/masa/lequal_depth/no_cull: LINES
[13:10:10] [Render thread/WARN]: Found *decent* program match for malilib:pipeline/position_color_lines/masa/lequal_depth: LINES
[13:10:10] [Render thread/WARN]: Found *decent* program match for malilib:pipeline/position_color_lines/masa: LINES
[13:10:10] [Render thread/WARN]: Found *decent* program match for malilib:pipeline/minihud/shape_lines/no_depth/offset: LINES
[13:10:10] [Render thread/WARN]: Found *decent* program match for malilib:pipeline/minihud/shape_lines/no_depth: LINES
[13:10:10] [Render thread/WARN]: Found *decent* program match for malilib:pipeline/minihud/shape_lines/offset/no_cull: LINES
[13:10:10] [Render thread/WARN]: Found *decent* program match for malilib:pipeline/minihud/shape_lines/offset: LINES
[13:10:10] [Render thread/WARN]: Found *decent* program match for malilib:pipeline/minihud/shape_lines/no_cull: LINES
[13:10:10] [Render thread/WARN]: Found *decent* program match for malilib:pipeline/minihud/shape_lines: LINES
[13:10:10] [Render thread/WARN]: Found okay program match for malilib:pipeline/position_tex_color/translucent/no_depth/no_cull: TEXTURED_COLOR
[13:10:10] [Render thread/WARN]: Found okay program match for malilib:pipeline/position_tex_color/translucent/no_depth: TEXTURED_COLOR
[13:10:10] [Render thread/WARN]: Found okay program match for malilib:pipeline/position_tex_color/translucent/lequal_depth/offset_1: TEXTURED_COLOR
[13:10:10] [Render thread/WARN]: Found okay program match for malilib:pipeline/position_tex_color/translucent/lequal_depth/offset_2: TEXTURED_COLOR
[13:10:10] [Render thread/WARN]: Found okay program match for malilib:pipeline/position_tex_color/translucent/lequal_depth/offset_3: TEXTURED_COLOR
[13:10:10] [Render thread/WARN]: Found okay program match for malilib:pipeline/position_tex_color/translucent/lequal_depth/no_cull: TEXTURED_COLOR
[13:10:10] [Render thread/WARN]: Found okay program match for malilib:pipeline/position_tex_color/translucent/lequal_depth: TEXTURED_COLOR
[13:10:10] [Render thread/WARN]: Found okay program match for malilib:pipeline/position_tex_color/translucent/depth_mask: TEXTURED_COLOR
[13:10:10] [Render thread/WARN]: Found okay program match for malilib:pipeline/position_tex_color/translucent: TEXTURED_COLOR
[13:10:10] [Render thread/WARN]: Found okay program match for malilib:pipeline/position_tex_color/masa/no_depth/no_cull: TEXTURED_COLOR
[13:10:10] [Render thread/WARN]: Found okay program match for malilib:pipeline/position_tex_color/masa/no_depth: TEXTURED_COLOR
[13:10:10] [Render thread/WARN]: Found okay program match for malilib:pipeline/position_tex_color/masa/lequal_depth/offset_1: TEXTURED_COLOR
[13:10:10] [Render thread/WARN]: Found okay program match for malilib:pipeline/position_tex_color/masa/lequal_depth/offset_2: TEXTURED_COLOR
[13:10:10] [Render thread/WARN]: Found okay program match for malilib:pipeline/position_tex_color/masa/lequal_depth/offset_3: TEXTURED_COLOR
[13:10:10] [Render thread/WARN]: Found okay program match for malilib:pipeline/position_tex_color/masa/lequal_depth/no_cull: TEXTURED_COLOR
[13:10:10] [Render thread/WARN]: Found okay program match for malilib:pipeline/position_tex_color/masa/lequal_depth: TEXTURED_COLOR
[13:10:10] [Render thread/WARN]: Found okay program match for malilib:pipeline/position_tex_color/masa/depth_mask: TEXTURED_COLOR
[13:10:10] [Render thread/WARN]: Found okay program match for malilib:pipeline/position_tex_color/masa: TEXTURED_COLOR
[13:10:10] [Render thread/WARN]: Found *decent* program match for malilib:pipeline/debug_lines/translucent/no_depth/no_cull: LINES
[13:10:10] [Render thread/WARN]: Found *decent* program match for malilib:pipeline/debug_lines/translucent/no_depth: LINES
[13:10:10] [Render thread/WARN]: Found *decent* program match for malilib:pipeline/debug_lines/translucent/no_cull: LINES
[13:10:10] [Render thread/WARN]: Found *decent* program match for malilib:pipeline/debug_lines/translucent/lequal_depth: LINES
[13:10:10] [Render thread/WARN]: Found *decent* program match for malilib:pipeline/debug_lines/translucent/offset_1: LINES
[13:10:10] [Render thread/WARN]: Found *decent* program match for malilib:pipeline/debug_lines/translucent/offset_2: LINES
[13:10:10] [Render thread/WARN]: Found *decent* program match for malilib:pipeline/debug_lines/translucent/offset_3: LINES
[13:10:10] [Render thread/WARN]: Found *decent* program match for malilib:pipeline/debug_lines/translucent: LINES
[13:10:10] [Render thread/WARN]: Found *decent* program match for malilib:pipeline/debug_lines/masa_simple/no_depth/no_cull: LINES
[13:10:10] [Render thread/WARN]: Found *decent* program match for malilib:pipeline/debug_lines/masa_simple/no_depth: LINES
[13:10:10] [Render thread/WARN]: Found *decent* program match for malilib:pipeline/debug_lines/masa_simple/no_cull: LINES
[13:10:10] [Render thread/WARN]: Found *decent* program match for malilib:pipeline/debug_lines/masa_simple/lequal_depth: LINES
[13:10:10] [Render thread/WARN]: Found *decent* program match for malilib:pipeline/debug_lines/masa_simple/offset_1: LINES
[13:10:10] [Render thread/WARN]: Found *decent* program match for malilib:pipeline/debug_lines/masa_simple/offset_2: LINES
[13:10:10] [Render thread/WARN]: Found *decent* program match for malilib:pipeline/debug_lines/masa_simple/offset_3: LINES
[13:10:10] [Render thread/WARN]: Found *decent* program match for malilib:pipeline/debug_lines/masa_simple: LINES
[13:10:10] [Render thread/WARN]: Found *decent* program match for malilib:pipeline/debug_line_strip/translucent/no_depth/no_cull: LINES
[13:10:10] [Render thread/WARN]: Found *decent* program match for malilib:pipeline/debug_line_strip/translucent/no_depth: LINES
[13:10:10] [Render thread/WARN]: Found *decent* program match for malilib:pipeline/debug_line_strip/translucent/no_cull: LINES
[13:10:10] [Render thread/WARN]: Found *decent* program match for malilib:pipeline/debug_line_strip/translucent/offset_1: LINES
[13:10:10] [Render thread/WARN]: Found *decent* program match for malilib:pipeline/debug_line_strip/translucent/offset_2: LINES
[13:10:10] [Render thread/WARN]: Found *decent* program match for malilib:pipeline/debug_line_strip/translucent/offset_3: LINES
[13:10:10] [Render thread/WARN]: Found *decent* program match for malilib:pipeline/debug_line_strip/translucent: LINES
[13:10:10] [Render thread/WARN]: Found *decent* program match for malilib:pipeline/debug_line_strip/masa_simple/no_depth/no_cull: LINES
[13:10:10] [Render thread/WARN]: Found *decent* program match for malilib:pipeline/debug_line_strip/masa_simple/no_depth: LINES
[13:10:10] [Render thread/WARN]: Found *decent* program match for malilib:pipeline/debug_line_strip/masa_simple/no_cull: LINES
[13:10:10] [Render thread/WARN]: Found *decent* program match for malilib:pipeline/debug_line_strip/masa_simple/offset_1: LINES
[13:10:10] [Render thread/WARN]: Found *decent* program match for malilib:pipeline/debug_line_strip/masa_simple/offset_2: LINES
[13:10:10] [Render thread/WARN]: Found *decent* program match for malilib:pipeline/debug_line_strip/masa_simple/offset_3: LINES
[13:10:10] [Render thread/WARN]: Found *decent* program match for malilib:pipeline/debug_line_strip/masa_simple: LINES
[13:10:10] [Render thread/WARN]: Found *decent* program match for malilib:pipeline/legacy/solid: TERRAIN_SOLID
[13:10:10] [Render thread/WARN]: Found *decent* program match for malilib:pipeline/legacy/wireframe: LINES
[13:10:10] [Render thread/WARN]: Found fine program match for malilib:pipeline/legacy/cutout: TERRAIN_CUTOUT
[13:10:10] [Render thread/WARN]: Found *decent* program match for malilib:pipeline/legacy/solid/masa/offset: TERRAIN_SOLID
[13:10:10] [Render thread/WARN]: Found *decent* program match for malilib:pipeline/legacy/wireframe/offset: LINES
[13:10:10] [Render thread/WARN]: Found fine program match for malilib:pipeline/legacy/cutout/offset: TERRAIN_CUTOUT
[13:10:10] [Render thread/WARN]: Found fine program match for malilib:pipeline/legacy/translucent: SODIUM_TERRAIN_TRANSLUCENT
[13:10:10] [Render thread/WARN]: Found fine program match for malilib:pipeline/legacy/translucent/offset: SODIUM_TERRAIN_TRANSLUCENT
[13:10:10] [Render thread/INFO]: Hardware information:
[13:10:10] [Render thread/INFO]: CPU: 20x 13th Gen Intel(R) Core(TM) i5-13600KF
[13:10:10] [Render thread/INFO]: GPU: NVIDIA GeForce RTX 4070/PCIe/SSE2 (Supports OpenGL 3.3.0 NVIDIA 596.49)
[13:10:10] [Render thread/INFO]: OS: Windows 10 (10.0)
[13:10:10] [Render thread/INFO]: Reloading ResourceManager: vanilla, conditional-mixin, dynamic_fps, dynamic_fps_common, fabric-api, fabric-api-base, fabric-api-lookup-api-v1, fabric-biome-api-v1, fabric-block-api-v1, fabric-block-getter-api-v2, fabric-command-api-v2, fabric-content-registries-v0, fabric-convention-tags-v2, fabric-crash-report-info-v1, fabric-creative-tab-api-v1, fabric-data-attachment-api-v1, fabric-data-generation-api-v1, fabric-debug-api-v1, fabric-dimensions-v1, fabric-entity-events-v1, fabric-events-interaction-v0, fabric-game-rule-api-v1, fabric-item-api-v1, fabric-key-mapping-api-v1, fabric-lifecycle-events-v1, fabric-loot-api-v3, fabric-menu-api-v1, fabric-message-api-v1, fabric-model-loading-api-v1, fabric-networking-api-v1, fabric-object-builder-api-v1, fabric-particles-v1, fabric-permission-api-v1, fabric-recipe-api-v1, fabric-registry-sync-v0, fabric-renderer-api-v1, fabric-renderer-indigo, fabric-rendering-fluids-v1, fabric-rendering-v1, fabric-resource-conditions-api-v1, fabric-resource-loader-v0, fabric-resource-loader-v1, fabric-screen-api-v1, fabric-serialization-api-v1, fabric-sound-api-v1, fabric-tag-api-v1, fabric-transfer-api-v1, fabric-transitive-access-wideners-v1, fabricloader, iris, litematica, lithium, malilib, modmenu, placeholder-api, replaymod, savesnapshot, sodium, tickrate, file/FreshAnimations_v1.10.5.zip, file/BetterVanillaBuildingRemakeBeta5.zip, replaymod_lang
[13:10:10] [Worker-Main-17/INFO]: Found unifont_pua-17.0.01.hex, loading
[13:10:10] [Worker-Main-19/INFO]: Found unifont_all_no_pua-17.0.01.hex, loading
[13:10:10] [Worker-Main-2/INFO]: Found unifont_jp_patch-17.0.01.hex, loading
[13:10:10] [Render thread/INFO]: Placement Manager calculated thread limit: [02/05]
[13:10:10] [Render thread/INFO]: i18nLang#load: File: '/assets/litematica/lang/en_us.json' has been loaded successfully
[13:10:10] [Render thread/WARN]: i18nOptionManager#buildLanguageOptions(litematica): Detected [14] available options.
[13:10:11] [Render thread/INFO]: i18nLang#load: File: '/assets/malilib/lang/en_us.json' has been loaded successfully
[13:10:11] [Render thread/WARN]: i18nOptionManager#buildLanguageOptions(malilib): Detected [13] available options.
[13:10:11] [Render thread/INFO]: Carpet: [N/F], CarpetTIS: [N/F]
[13:10:11] [Render thread/INFO]: i18nLang#load: File: '/assets/malilib/lang/zh_cn.json' has been loaded successfully
[13:10:11] [Render thread/INFO]: i18nOptionManager#setLang(malilib): Language: 'zh_cn' - has been loaded successfully.
[13:10:11] [Render thread/INFO]: i18nLang#load: File: '/assets/litematica/lang/zh_cn.json' has been loaded successfully
[13:10:11] [Render thread/INFO]: i18nOptionManager#setLang(litematica): Language: 'zh_cn' - has been loaded successfully.
[13:10:11] [Render thread/INFO]: Thread[#3,Render thread,10,main]
[13:10:11] [Render thread/INFO]: OpenGL Vendor: NVIDIA Corporation
[13:10:11] [Render thread/INFO]: OpenGL Renderer: NVIDIA GeForce RTX 4070/PCIe/SSE2
[13:10:11] [Render thread/INFO]: OpenGL Version: 3.3.0 NVIDIA 596.49
[13:10:11] [Render thread/INFO]: Modifying OpenGL context to apply workarounds for the NVIDIA graphics driver...
[13:10:11] [Render thread/INFO]: Enabling GL_DEBUG_OUTPUT_SYNCHRONOUS to force the NVIDIA driver to disable threaded command submission
[13:10:11] [Worker-Main-9/WARN]: Missing texture references in model minecraft:block/acacia_fence_gate_wall_open:
    particle
[13:10:11] [Worker-Main-9/WARN]: Missing texture references in model minecraft:block/oak_fence_gate_wall_open:
    particle
[13:10:11] [Worker-Main-9/WARN]: Missing texture references in model minecraft:block/warped_fence_gate_wall_open:
    particle
[13:10:11] [Worker-Main-9/WARN]: Missing texture references in model minecraft:block/dark_oak_fence_gate_wall_open:
    particle
[13:10:11] [Worker-Main-9/WARN]: Missing texture references in model minecraft:block/jungle_fence_gate_wall_open:
    particle
[13:10:11] [Worker-Main-9/WARN]: Missing texture references in model minecraft:block/mangrove_fence_gate_wall_open:
    particle
[13:10:11] [Worker-Main-9/WARN]: Missing texture references in model minecraft:block/pale_oak_fence_gate_wall_open:
    particle
[13:10:11] [Worker-Main-9/WARN]: Missing texture references in model minecraft:block/birch_fence_gate_wall_open:
    particle
[13:10:11] [Worker-Main-9/WARN]: Missing texture references in model minecraft:block/cherry_fence_gate_wall_open:
    particle
[13:10:11] [Worker-Main-9/WARN]: Missing texture references in model minecraft:block/crimson_fence_gate_wall_open:
    particle
[13:10:11] [Worker-Main-9/WARN]: Missing texture references in model minecraft:block/spruce_fence_gate_wall_open:
    particle
[13:10:11] [Download-3/INFO]: Could not authorize you against Realms server: java.lang.RuntimeException: Failed to parse into SignedJWT: <access token>
[13:10:11] [Download-3/ERROR]: Failed to fetch Realms feature flags
com.mojang.realmsclient.exception.RealmsServiceException: Realms authentication error with message 'java.lang.RuntimeException: Failed to parse into SignedJWT: <access token>'
	at knot//com.mojang.realmsclient.client.RealmsClient.execute(RealmsClient.java:528)
	at knot//com.mojang.realmsclient.client.RealmsClient.fetchFeatureFlags(RealmsClient.java:187)
	at java.base/java.util.concurrent.CompletableFuture$AsyncSupply.run(CompletableFuture.java:1789)
	at java.base/java.util.concurrent.ThreadPoolExecutor.runWorker(ThreadPoolExecutor.java:1090)
	at java.base/java.util.concurrent.ThreadPoolExecutor$Worker.run(ThreadPoolExecutor.java:614)
	at java.base/java.lang.Thread.run(Thread.java:1474)
[13:10:11] [Render thread/INFO]: OpenAL initialized on device OpenAL Soft on Q32G3WG3R3 (NVIDIA High Definition Audio)
[13:10:11] [Render thread/INFO]: Sound engine started
[13:10:11] [Render thread/INFO]: Created: 512x256x0 minecraft:textures/atlas/particles.png-atlas
[13:10:11] [Render thread/INFO]: Created: 128x128x0 minecraft:textures/atlas/decorated_pot.png-atlas
[13:10:11] [Render thread/INFO]: Created: 2048x1024x0 minecraft:textures/atlas/armor_trims.png-atlas
[13:10:11] [Render thread/INFO]: Created: 512x256x0 minecraft:textures/atlas/paintings.png-atlas
[13:10:11] [Render thread/INFO]: Created: 1024x512x0 minecraft:textures/atlas/shield_patterns.png-atlas
[13:10:11] [Render thread/INFO]: Created: 2048x2048x4 minecraft:textures/atlas/blocks.png-atlas
[13:10:11] [Render thread/INFO]: Created: 512x512x0 minecraft:textures/atlas/chest.png-atlas
[13:10:11] [Render thread/INFO]: Created: 256x128x0 minecraft:textures/atlas/celestials.png-atlas
[13:10:11] [Render thread/INFO]: Created: 1024x512x0 minecraft:textures/atlas/banner_patterns.png-atlas
[13:10:11] [Render thread/INFO]: Created: 1024x512x0 minecraft:textures/atlas/items.png-atlas
[13:10:11] [Render thread/INFO]: Created: 1024x1024x0 minecraft:textures/atlas/gui.png-atlas
[13:10:11] [Render thread/INFO]: Created: 128x64x0 minecraft:textures/atlas/map_decorations.png-atlas
[13:10:11] [Render thread/INFO]: Created: 512x512x0 minecraft:textures/atlas/shulker_boxes.png-atlas
[13:10:11] [Render thread/INFO]: Creating pipeline for dimension minecraft:overworld
[13:10:12] [Download-3/INFO]: Could not authorize you against Realms server: java.lang.RuntimeException: Failed to parse into SignedJWT: <access token>
[13:10:12] [Download-3/ERROR]: Couldn't connect to realms
com.mojang.realmsclient.exception.RealmsServiceException: Realms authentication error with message 'java.lang.RuntimeException: Failed to parse into SignedJWT: <access token>'
	at knot//com.mojang.realmsclient.client.RealmsClient.execute(RealmsClient.java:528)
	at knot//com.mojang.realmsclient.client.RealmsClient.clientCompatible(RealmsClient.java:308)
	at knot//com.mojang.realmsclient.RealmsAvailability.lambda$check$0(RealmsAvailability.java:48)
	at java.base/java.util.concurrent.CompletableFuture$AsyncSupply.run(CompletableFuture.java:1789)
	at java.base/java.util.concurrent.ThreadPoolExecutor.runWorker(ThreadPoolExecutor.java:1090)
	at java.base/java.util.concurrent.ThreadPoolExecutor$Worker.run(ThreadPoolExecutor.java:614)
	at java.base/java.lang.Thread.run(Thread.java:1474)
[13:10:13] [Render thread/INFO]: BlockModelCacheSchematic: refreshing model cache
[13:10:37] [Render thread/INFO]: Loaded 1585 recipes
[13:10:37] [Render thread/INFO]: Loaded 1688 advancements
[13:10:37] [Render thread/INFO]: Applied 0 biome modifications to 0 of 66 new biomes in 673.0 μs
[13:10:37] [Server thread/INFO]: Starting integrated minecraft server version 26.2
[13:10:37] [Server thread/INFO]: Generating keypair
[13:10:37] [Server thread/INFO]: Loading 0 persistent chunks...
[13:10:37] [Server thread/INFO]: Saving chunks for level 'ServerLevel[Sky Block]'/minecraft:overworld
[13:10:37] [Server thread/INFO]: Saving chunks for level 'ServerLevel[Sky Block]'/minecraft:the_end
[13:10:37] [Server thread/INFO]: Saving chunks for level 'ServerLevel[Sky Block]'/minecraft:the_nether
[13:10:37] [Server thread/INFO]: ThreadedAnvilChunkStorage (world): All chunks are saved
[13:10:37] [Server thread/INFO]: ThreadedAnvilChunkStorage (DIM1): All chunks are saved
[13:10:37] [Server thread/INFO]: ThreadedAnvilChunkStorage (DIM-1): All chunks are saved
[13:10:37] [Server thread/INFO]: ThreadedAnvilChunkStorage: All dimensions are saved
8月 31, 2026 1:10:37 下午 com.replaymod.replaystudio.lib.viaversion.protocols.v1_12_2to1_13.blockconnections.ConnectionData init
信息: Loading block connection mappings ...
[13:10:38] [Server thread/INFO]: Loading 49 chunks for player spawn...
[13:10:38] [Server thread/INFO]: 准备生成区域中：16%
[13:10:38] [Server thread/INFO]: 准备生成区域中：16%
[13:10:38] [Server thread/INFO]: Time elapsed: 853 ms
[13:10:38] [Server thread/INFO]: ruby[local:E:9d2ccb4a] logged in with entity id 1 at (9.214844831726358, 64.0, 6.481133110394099)
[13:10:38] [Server thread/INFO]: ruby加入了游戏
[13:10:38] [Render thread/INFO]: Reloading pipeline on dimension change: minecraft:overworld => minecraft:overworld
[13:10:38] [Render thread/INFO]: Destroying pipeline minecraft:overworld
[13:10:38] [Render thread/INFO]: Creating pipeline for dimension minecraft:overworld
[13:10:38] [Server thread/INFO]: Changing view distance to 12, from 10
[13:10:38] [Server thread/INFO]: Changing simulation distance to 12, from 0
[13:10:38] [Render thread/INFO]: Started 10 worker threads
[13:10:38] [Render thread/INFO]: BlockModelCacheSchematic: refreshing model cache
[13:10:38] [Render thread/WARN]: Unable to read property: west with value: "false" for blockstate: {Name:"minecraft:cobblestone_wall",Properties:{east:"false",north:"false",south:"false",up:"false",west:"false"}}
[13:10:38] [Render thread/WARN]: Unable to read property: east with value: "false" for blockstate: {Name:"minecraft:cobblestone_wall",Properties:{east:"false",north:"false",south:"false",up:"false",west:"false"}}
[13:10:38] [Render thread/WARN]: Unable to read property: south with value: "false" for blockstate: {Name:"minecraft:cobblestone_wall",Properties:{east:"false",north:"false",south:"false",up:"false",west:"false"}}
[13:10:38] [Render thread/WARN]: Unable to read property: north with value: "false" for blockstate: {Name:"minecraft:cobblestone_wall",Properties:{east:"false",north:"false",south:"false",up:"false",west:"false"}}
[13:10:38] [Render thread/WARN]: Unable to read property: west with value: "false" for blockstate: {Name:"minecraft:mossy_cobblestone_wall",Properties:{east:"false",north:"false",south:"false",up:"false",west:"false"}}
[13:10:38] [Render thread/WARN]: Unable to read property: east with value: "false" for blockstate: {Name:"minecraft:mossy_cobblestone_wall",Properties:{east:"false",north:"false",south:"false",up:"false",west:"false"}}
[13:10:38] [Render thread/WARN]: Unable to read property: south with value: "false" for blockstate: {Name:"minecraft:mossy_cobblestone_wall",Properties:{east:"false",north:"false",south:"false",up:"false",west:"false"}}
[13:10:38] [Render thread/WARN]: Unable to read property: north with value: "false" for blockstate: {Name:"minecraft:mossy_cobblestone_wall",Properties:{east:"false",north:"false",south:"false",up:"false",west:"false"}}
[13:10:39] [Render thread/INFO]: Starting [2] Placement Manager Daemon threads
[13:10:39] [Render thread/INFO]: Loaded 5 advancements
[13:10:39] [Render thread/INFO]: Stopping worker threads
[13:10:39] [Render thread/INFO]: Started 10 worker threads
[13:10:39] [Render thread/WARN]: Error while parsing the block ID map entry for "block.10035":
[13:10:39] [Render thread/WARN]: - The block minecraft:creaking_heart has no property with the name active, ignoring!
[13:10:39] [Render thread/INFO]: Resizing Dynamic Transforms UBO, capacity limit of 2 reached during a single frame. New capacity will be 4.
[13:10:39] [Render thread/INFO]: Resizing Dynamic Transforms UBO, capacity limit of 4 reached during a single frame. New capacity will be 8.
[13:10:39] [Render thread/INFO]: Stopping worker threads
[13:10:39] [Render thread/INFO]: Started 10 worker threads
[13:10:39] [Download-3/ERROR]: Failed to retrieve profile key pair
MinecraftClientHttpException[type=HTTP_ERROR, status=401, response=ErrorResponse[path=/player/certificates, error=null, errorMessage=null, details=null]]
	at knot//com.mojang.authlib.minecraft.client.MinecraftClient.buildHttpException(MinecraftClient.java:170)
	at knot//com.mojang.authlib.minecraft.client.MinecraftClient.readServiceResponse(MinecraftClient.java:147)
	at knot//com.mojang.authlib.minecraft.client.MinecraftClient.post(MinecraftClient.java:89)
	at knot//com.mojang.authlib.yggdrasil.YggdrasilUserApiService.getKeyPair(YggdrasilUserApiService.java:62)
	at knot//net.minecraft.client.multiplayer.AccountProfileKeyPairManager.fetchProfileKeyPair(AccountProfileKeyPairManager.java:128)
	at knot//net.minecraft.client.multiplayer.AccountProfileKeyPairManager.lambda$readOrFetchProfileKeyPair$0(AccountProfileKeyPairManager.java:77)
	at java.base/java.util.concurrent.CompletableFuture$AsyncSupply.run(CompletableFuture.java:1789)
	at java.base/java.util.concurrent.ThreadPoolExecutor.runWorker(ThreadPoolExecutor.java:1090)
	at java.base/java.util.concurrent.ThreadPoolExecutor$Worker.run(ThreadPoolExecutor.java:614)
	at java.base/java.lang.Thread.run(Thread.java:1474)
[13:10:39] [Render thread/INFO]: Resizing Dynamic Transforms UBO, capacity limit of 8 reached during a single frame. New capacity will be 16.
[13:10:42] [Server thread/INFO]: Saving and pausing game...
[13:10:42] [Server thread/INFO]: Saving chunks for level 'ServerLevel[Sky Block]'/minecraft:overworld
[13:10:42] [Server thread/INFO]: Saving chunks for level 'ServerLevel[Sky Block]'/minecraft:the_end
[13:10:42] [Server thread/INFO]: Saving chunks for level 'ServerLevel[Sky Block]'/minecraft:the_nether
[13:10:45] [Server thread/INFO]: Saving and pausing game...
[13:10:45] [Server thread/INFO]: Saving chunks for level 'ServerLevel[Sky Block]'/minecraft:overworld
[13:10:45] [Server thread/INFO]: Saving chunks for level 'ServerLevel[Sky Block]'/minecraft:the_end
[13:10:45] [Server thread/INFO]: Saving chunks for level 'ServerLevel[Sky Block]'/minecraft:the_nether
[13:10:49] [ForkJoinPool.commonPool-worker-1/WARN]: [Iris Update Check] Failed to get update info!
java.net.ConnectException: Connection timed out: connect
	at java.base/sun.nio.ch.Net.connect0(Native Method)
	at java.base/sun.nio.ch.Net.connect(Net.java:546)
	at java.base/sun.nio.ch.Net.connect(Net.java:535)
	at java.base/sun.nio.ch.NioSocketImpl.connect(NioSocketImpl.java:585)
	at java.base/java.net.SocksSocketImpl.connect(SocksSocketImpl.java:284)
	at java.base/java.net.Socket.connect(Socket.java:659)
	at java.base/sun.security.ssl.SSLSocketImpl.connect(SSLSocketImpl.java:304)
	at java.base/sun.security.ssl.BaseSSLSocketImpl.connect(BaseSSLSocketImpl.java:181)
	at java.base/sun.net.NetworkClient.doConnect(NetworkClient.java:166)
	at java.base/sun.net.www.http.HttpClient.openServer(HttpClient.java:524)
	at java.base/sun.net.www.http.HttpClient.openServer(HttpClient.java:612)
	at java.base/sun.net.www.http.HttpClient.parseHTTP(HttpClient.java:758)
	at java.base/sun.net.www.protocol.http.HttpURLConnection.getInputStream0(HttpURLConnection.java:1402)
	at java.base/sun.net.www.protocol.http.HttpURLConnection.getInputStream(HttpURLConnection.java:1305)
	at java.base/sun.net.www.protocol.https.HttpsURLConnectionImpl.getInputStream(HttpsURLConnectionImpl.java:223)
	at java.base/java.net.URL.openStream(URL.java:1263)
	at knot//net.irisshaders.iris.UpdateChecker.lambda$checkForUpdates$0(UpdateChecker.java:89)
	at java.base/java.util.concurrent.CompletableFuture$AsyncSupply.run(CompletableFuture.java:1789)
	at java.base/java.util.concurrent.CompletableFuture$AsyncSupply.exec(CompletableFuture.java:1781)
	at java.base/java.util.concurrent.ForkJoinTask.doExec(ForkJoinTask.java:511)
	at java.base/java.util.concurrent.ForkJoinPool$WorkQueue.topLevelExec(ForkJoinPool.java:1450)
	at java.base/java.util.concurrent.ForkJoinPool.runWorker(ForkJoinPool.java:2019)
	at java.base/java.util.concurrent.ForkJoinWorkerThread.run(ForkJoinWorkerThread.java:187)
[13:10:52] [Server thread/INFO]: Captured snapshot 111 in D:\MC\.minecraft\versions\26.2-Fabric\saves\Sky Block\.\snapshots\111 (chunks=729, players=1)
[13:10:52] [Server thread/WARN]: Can't keep up! Is the server overloaded? Running 3090ms or 61 ticks behind
[13:10:54] [Server thread/INFO]: Saving and pausing game...
[13:10:54] [Server thread/INFO]: Saving chunks for level 'ServerLevel[Sky Block]'/minecraft:overworld
[13:10:54] [Server thread/INFO]: Saving chunks for level 'ServerLevel[Sky Block]'/minecraft:the_end
[13:10:54] [Server thread/INFO]: Saving chunks for level 'ServerLevel[Sky Block]'/minecraft:the_nether
[13:11:26] [Server thread/INFO]: Saving and pausing game...
[13:11:26] [Server thread/INFO]: Saving chunks for level 'ServerLevel[Sky Block]'/minecraft:overworld
[13:11:26] [Server thread/INFO]: Saving chunks for level 'ServerLevel[Sky Block]'/minecraft:the_end
[13:11:26] [Server thread/INFO]: Saving chunks for level 'ServerLevel[Sky Block]'/minecraft:the_nether
[13:11:28] [Server thread/INFO]: Saving and pausing game...
[13:11:28] [Server thread/INFO]: Saving chunks for level 'ServerLevel[Sky Block]'/minecraft:overworld
[13:11:28] [Server thread/INFO]: Saving chunks for level 'ServerLevel[Sky Block]'/minecraft:the_end
[13:11:28] [Server thread/INFO]: Saving chunks for level 'ServerLevel[Sky Block]'/minecraft:the_nether
[13:11:30] [Server thread/INFO]: Stopping server
[13:11:30] [Server thread/INFO]: Saving players
[13:11:30] [Server thread/INFO]: Saving worlds
[13:11:30] [Server thread/INFO]: Saving chunks for level 'ServerLevel[Sky Block]'/minecraft:overworld
[13:11:30] [Render thread/ERROR]: Error executing task on Client
net.minecraft.ReportedException: mouseClicked event handler
	at knot//net.minecraft.client.MouseHandler.onButton(MouseHandler.java:128)
	at knot//net.minecraft.client.MouseHandler.lambda$setup$3(MouseHandler.java:239)
	at knot//net.minecraft.util.thread.BlockableEventLoop.doRunTask(BlockableEventLoop.java:173)
	at knot//net.minecraft.util.thread.ReentrantBlockableEventLoop.doRunTask(ReentrantBlockableEventLoop.java:23)
	at knot//net.minecraft.util.thread.BlockableEventLoop.execute(BlockableEventLoop.java:114)
	at knot//net.minecraft.client.MouseHandler.lambda$setup$2(MouseHandler.java:239)
	at knot//org.lwjgl.glfw.GLFWMouseButtonCallbackI.callback(GLFWMouseButtonCallbackI.java:34)
	at knot//org.lwjgl.system.JNI.invokeV(Native Method)
	at knot//org.lwjgl.glfw.GLFW.glfwPollEvents(GLFW.java:1600)
	at knot//com.mojang.blaze3d.systems.RenderSystem.pollEvents(RenderSystem.java:117)
	at knot//net.minecraft.client.Minecraft.run(Minecraft.java:958)
	at knot//net.minecraft.client.main.Main.main(Main.java:292)
	at net.fabricmc.loader.impl.game.minecraft.MinecraftGameProvider.launch(MinecraftGameProvider.java:517)
	at net.fabricmc.loader.impl.launch.knot.Knot.launch(Knot.java:72)
	at net.fabricmc.loader.impl.launch.knot.KnotClient.main(KnotClient.java:23)
Caused by: java.lang.NullPointerException: Cannot invoke "net.minecraft.world.level.Level.tickRateManager()" because "this.level" is null
	at knot//net.minecraft.client.Camera.getCameraEntityPartialTicks(Camera.java:129)
	at knot//net.minecraft.client.Minecraft.localvar$dba000$tickrate$pickPartialTick(Minecraft.java:13174)
	at knot//net.minecraft.client.Minecraft.pick(Minecraft.java)
	at knot//net.minecraft.client.Minecraft.renderFrame$mixinextras$wrapped$318(Minecraft.java:1360)
	at knot//net.minecraft.client.Minecraft.mixinextras$bridge$renderFrame$mixinextras$wrapped$318$319(Minecraft.java)
	at knot//net.minecraft.client.Minecraft.wrapMethod$zzf000$dynamic_fps_common$renderFrame(Minecraft.java:6168)
	at knot//net.minecraft.client.Minecraft.renderFrame(Minecraft.java)
	at knot//net.minecraft.client.Minecraft.disconnect(Minecraft.java:2240)
	at knot//net.minecraft.client.Minecraft.disconnect(Minecraft.java:2198)
	at knot//com.savesnapshot.client.RestoreSession.begin(RestoreSession.java:29)
	at knot//com.savesnapshot.client.gui.SnapshotListScreen.lambda$onRestore$0(SnapshotListScreen.java:184)
	at knot//net.minecraft.client.gui.screens.ConfirmScreen.lambda$addButtons$0(ConfirmScreen.java:76)
	at knot//net.minecraft.client.gui.components.Button.onPress(Button.java:109)
	at knot//net.minecraft.client.gui.components.AbstractButton.onClick(AbstractButton.java:53)
	at knot//net.minecraft.client.gui.components.AbstractWidget.mouseClicked(AbstractWidget.java:126)
	at knot//net.minecraft.client.gui.components.events.ContainerEventHandler.mouseClicked(ContainerEventHandler.java:47)
	at knot//net.minecraft.client.MouseHandler.mixinextras$bridge$mouseClicked$53(MouseHandler.java)
	at knot//net.minecraft.client.MouseHandler.wrapOperation$bde000$fabric-screen-api-v1$invokeMouseClickedEvents(MouseHandler.java:1548)
	at knot//net.minecraft.client.MouseHandler.mixinextras$bridge$wrapOperation$bde000$fabric-screen-api-v1$invokeMouseClickedEvents$57(MouseHandler.java)
	at knot//net.minecraft.client.MouseHandler.wrapOperation$clj000$replaymod$mouseDown(MouseHandler.java:2021)
	at knot//net.minecraft.client.MouseHandler.onButton(MouseHandler.java:117)
	... 14 more
[13:11:30] [Render thread/ERROR]: Unreported exception thrown!
java.lang.NullPointerException
	at java.base/java.util.Objects.requireNonNull(Objects.java:220)
	at knot//net.minecraft.client.Minecraft.modifyExpressionValue$dba000$tickrate$runTick(Minecraft.java:13187)
	at knot//net.minecraft.client.Minecraft.runTick(Minecraft.java:1247)
	at knot//net.minecraft.client.Minecraft.run(Minecraft.java:959)
	at knot//net.minecraft.client.main.Main.main(Main.java:292)
	at net.fabricmc.loader.impl.game.minecraft.MinecraftGameProvider.launch(MinecraftGameProvider.java:517)
	at net.fabricmc.loader.impl.launch.knot.Knot.launch(Knot.java:72)
	at net.fabricmc.loader.impl.launch.knot.KnotClient.main(KnotClient.java:23)
[13:11:30] [Server thread/INFO]: Saving chunks for level 'ServerLevel[Sky Block]'/minecraft:the_end
[13:11:30] [Server thread/INFO]: Saving chunks for level 'ServerLevel[Sky Block]'/minecraft:the_nether
[13:11:30] [Server thread/INFO]: ThreadedAnvilChunkStorage (world): All chunks are saved
[13:11:30] [Server thread/INFO]: ThreadedAnvilChunkStorage (DIM1): All chunks are saved
[13:11:30] [Server thread/INFO]: ThreadedAnvilChunkStorage (DIM-1): All chunks are saved
[13:11:30] [Server thread/INFO]: ThreadedAnvilChunkStorage: All dimensions are saved
---- Minecraft Crash Report ----
// Don't be sad, have a hug! <3

Time: 2026-08-31 13:11:31
Description: Unexpected error

java.lang.NullPointerException: Unexpected error
	at java.base/java.util.Objects.requireNonNull(Objects.java:220)
	at knot//net.minecraft.client.Minecraft.modifyExpressionValue$dba000$tickrate$runTick(Minecraft.java:13187)
	at knot//net.minecraft.client.Minecraft.runTick(Minecraft.java:1247)
	at knot//net.minecraft.client.Minecraft.run(Minecraft.java:959)
	at knot//net.minecraft.client.main.Main.main(Main.java:292)
	at net.fabricmc.loader.impl.game.minecraft.MinecraftGameProvider.launch(MinecraftGameProvider.java:517)
	at net.fabricmc.loader.impl.launch.knot.Knot.launch(Knot.java:72)
	at net.fabricmc.loader.impl.launch.knot.KnotClient.main(KnotClient.java:23)


A detailed walkthrough of the error, its code path and all known details is as follows:
---------------------------------------------------------------------------------------

-- Head --
Thread: Render thread
Stacktrace:
	at java.base/java.util.Objects.requireNonNull(Objects.java:220)

-- Uptime --
Details:
	JVM uptime: 89.296s
	Wall uptime: 83.225s
	High-res time: 82.590s
	Client ticks: 720 ticks / 36.000s
Stacktrace:
	at knot//net.minecraft.client.Minecraft.fillReport(Minecraft.java:2496)
	at knot//net.minecraft.client.Minecraft.emergencySaveAndCrash(Minecraft.java:1008)
	at knot//net.minecraft.client.Minecraft.run(Minecraft.java:983)
	at knot//net.minecraft.client.main.Main.main(Main.java:292)
	at net.fabricmc.loader.impl.game.minecraft.MinecraftGameProvider.launch(MinecraftGameProvider.java:517)
	at net.fabricmc.loader.impl.launch.knot.Knot.launch(Knot.java:72)
	at net.fabricmc.loader.impl.launch.knot.KnotClient.main(KnotClient.java:23)

-- Last reload --
Details:
	Reload number: 1
	Reload reason: initial
	Finished: Yes
	Packs: vanilla, conditional-mixin, dynamic_fps, dynamic_fps_common, fabric-api, fabric-api-base, fabric-api-lookup-api-v1, fabric-biome-api-v1, fabric-block-api-v1, fabric-block-getter-api-v2, fabric-command-api-v2, fabric-content-registries-v0, fabric-convention-tags-v2, fabric-crash-report-info-v1, fabric-creative-tab-api-v1, fabric-data-attachment-api-v1, fabric-data-generation-api-v1, fabric-debug-api-v1, fabric-dimensions-v1, fabric-entity-events-v1, fabric-events-interaction-v0, fabric-game-rule-api-v1, fabric-item-api-v1, fabric-key-mapping-api-v1, fabric-lifecycle-events-v1, fabric-loot-api-v3, fabric-menu-api-v1, fabric-message-api-v1, fabric-model-loading-api-v1, fabric-networking-api-v1, fabric-object-builder-api-v1, fabric-particles-v1, fabric-permission-api-v1, fabric-recipe-api-v1, fabric-registry-sync-v0, fabric-renderer-api-v1, fabric-renderer-indigo, fabric-rendering-fluids-v1, fabric-rendering-v1, fabric-resource-conditions-api-v1, fabric-resource-loader-v0, fabric-resource-loader-v1, fabric-screen-api-v1, fabric-serialization-api-v1, fabric-sound-api-v1, fabric-tag-api-v1, fabric-transfer-api-v1, fabric-transitive-access-wideners-v1, fabricloader, iris, litematica, lithium, malilib, modmenu, placeholder-api, replaymod, savesnapshot, sodium, tickrate, file/FreshAnimations_v1.10.5.zip, file/BetterVanillaBuildingRemakeBeta5.zip, replaymod_lang

-- System Details --
Details:
	Minecraft Version: 26.2
	Minecraft Version ID: 26.2
	Operating System: Windows 10 (amd64) version 10.0
	Java Version: 25.0.4.1, Azul Systems, Inc.
	Java VM Version: OpenJDK 64-Bit Server VM (mixed mode, sharing), Azul Systems, Inc.
	Memory: 143094920 bytes (136 MiB) / 1140850688 bytes (1088 MiB) up to 8757706752 bytes (8352 MiB)
	Memory (heap): init: 512MiB, used: 922MiB, committed: 1088MiB, max: 8352MiB
	Memory (non-head): init: 007MiB, used: 294MiB, committed: 297MiB, max: 000MiB
	CPUs: 20
	Processor Vendor: GenuineIntel
	Processor Name: 13th Gen Intel(R) Core(TM) i5-13600KF
	Identifier: Intel64 Family 6 Model 183 Stepping 1
	Microarchitecture: Raptor Lake
	Frequency (GHz): 3.49
	Number of physical packages: 1
	Number of physical CPUs: 14
	Number of logical CPUs: 20
	Graphics card #0 name: NVIDIA GeForce GT 710
	Graphics card #0 vendor: NVIDIA
	Graphics card #0 VRAM (MiB): 2048.00
	Graphics card #0 deviceId: VideoController1
	Graphics card #0 versionInfo: 27.21.14.5671
	Graphics card #1 name: NVIDIA GeForce RTX 4070
	Graphics card #1 vendor: NVIDIA
	Graphics card #1 VRAM (MiB): 12282.00
	Graphics card #1 deviceId: VideoController2
	Graphics card #1 versionInfo: 32.0.15.9649
	Memory slot #0 capacity (MiB): 16384.00
	Memory slot #0 clockSpeed (GHz): 4.80
	Memory slot #0 type: DDR5
	Memory slot #1 capacity (MiB): 16384.00
	Memory slot #1 clockSpeed (GHz): 4.80
	Memory slot #1 type: DDR5
	Virtual memory max (MiB): 68915.41
	Virtual memory used (MiB): 35021.38
	Swap memory total (MiB): 36334.30
	Swap memory used (MiB): 5034.98
	Space in storage for jna.tmpdir (MiB): available: 250399.63, total: 1449999.00
	Space in storage for org.lwjgl.system.SharedLibraryExtractPath (MiB): available: 250399.63, total: 1449999.00
	Space in storage for io.netty.native.workdir (MiB): available: 250399.63, total: 1449999.00
	Space in storage for java.io.tmpdir (MiB): available: 95200.89, total: 502812.06
	Space in storage for workdir (MiB): available: 250399.63, total: 1449999.00
	Operating System Version: Microsoft Windows 10 build 19045
	Process Elevated: false
	Process Loads: Uptime: 88s, user: 92s (103.50%), kernel: 6s (7.28%), total: 98s (110.78%)
	Process Virtual Size (MiB): 2130.23
	Process Resident Size (MiB): 1847.11
	JVM Flags: 20 total; -Xmx8323m -XX:+UnlockExperimentalVMOptions -XX:+UnlockDiagnosticVMOptions -XX:+UseG1GC -XX:G1MixedGCCountTarget=5 -XX:G1NewSizePercent=20 -XX:G1ReservePercent=20 -XX:MaxGCPauseMillis=50 -XX:G1HeapRegionSize=32m -XX:-OmitStackTraceInFastThrow -XX:-DontCompileHugeMethods -XX:MaxNodeLimit=240000 -XX:NodeLimitFudgeFactor=8000 -XX:TieredCompileTaskTimeout=10000 -XX:ReservedCodeCacheSize=400M -XX:NonNMethodCodeHeapSize=12M -XX:ProfiledCodeHeapSize=194M -XX:NmethodSweepActivity=1 -XX:+UseCompactObjectHeaders -XX:HeapDumpPath=MojangTricksIntelDriversForPerformance_javaw.exe_minecraft.exe.heapdump
	Debug Flags: 0 total; 
	Fabric Mods: 
		dynamic_fps: Dynamic FPS 3.11.9
			dynamic_fps_common: Dynamic FPS Common 3.11.9
			net_lostluma_battery: battery 2.1.0
		fabric-api: Fabric API 0.158.0+26.2
			fabric-api-base: Fabric API Base 2.0.4+ece063239e
			fabric-api-lookup-api-v1: Fabric API Lookup API (v1) 2.0.17+11e1c9a39e
			fabric-biome-api-v1: Fabric Biome API (v1) 18.0.6+c7bd5b8e9e
			fabric-block-api-v1: Fabric Block API (v1) 3.0.3+ec56b6019e
			fabric-block-getter-api-v2: Fabric BlockGetter API (v2) 2.0.7+ec56b6019e
			fabric-command-api-v2: Fabric Command API (v2) 3.1.0+00cb03469e
			fabric-content-registries-v0: Fabric Content Registries (v0) 11.3.1+37b1aa249e
			fabric-convention-tags-v2: Fabric Convention Tags (v2) 4.7.0+1f023a9e9e
			fabric-crash-report-info-v1: Fabric Crash Report Info (v1) 1.0.5+086d547a9e
			fabric-creative-tab-api-v1: Fabric Creative Tab API (v1) 5.0.14+d871b99e9e
			fabric-data-attachment-api-v1: Fabric Data Attachment API (v1) 2.2.18+515ac5339e
			fabric-data-generation-api-v1: Fabric Data Generation API (v1) 25.5.0+aed122aa9e
			fabric-debug-api-v1: Fabric Debug API (v1) 1.0.2+c792624d9e
			fabric-dimensions-v1: Fabric Dimensions API (v1) 5.1.11+515ac5339e
			fabric-entity-events-v1: Fabric Entity Events (v1) 5.0.5+06488ac19e
			fabric-events-interaction-v0: Fabric Events Interaction (v0) 5.2.7+515ac5339e
			fabric-game-rule-api-v1: Fabric Game Rule API (v1) 4.0.8+46a6d00c9e
			fabric-item-api-v1: Fabric Item API (v1) 14.5.0+c68f6cbe9e
			fabric-key-mapping-api-v1: Fabric Key Mapping API (v1) 2.0.5+e2bdee789e
			fabric-lifecycle-events-v1: Fabric Lifecycle Events (v1) 4.1.3+4575b05f9e
			fabric-loot-api-v3: Fabric Loot API (v3) 3.0.17+06488ac19e
			fabric-menu-api-v1: Fabric Menu API (v1) 2.0.16+086d547a9e
			fabric-message-api-v1: Fabric Message API (v1) 7.0.8+bb2ed3f79e
			fabric-model-loading-api-v1: Fabric Model Loading API (v1) 8.0.16+c80601bb9e
			fabric-networking-api-v1: Fabric Networking API (v1) 6.3.3+72073ef09e
			fabric-object-builder-api-v1: Fabric Object Builder API (v1) 24.1.0+6fcd5f039e
			fabric-particles-v1: Fabric Particles (v1) 5.0.18+d1756aa99e
			fabric-permission-api-v1: Fabric Permission API (v1) 1.0.5+e442d8d09e
			fabric-recipe-api-v1: Fabric Recipe API (v1) 9.0.20+11e1c9a39e
			fabric-registry-sync-v0: Fabric Registry Sync (v0) 7.1.0+c7bd5b8e9e
			fabric-renderer-api-v1: Fabric Renderer API (v1) 14.1.3+2b0d8a229e
			fabric-renderer-indigo: Fabric Renderer - Indigo 9.1.3+2b0d8a229e
			fabric-rendering-fluids-v1: Fabric Rendering Fluids (v1) 6.0.4+06488ac19e
			fabric-rendering-v1: Fabric Rendering (v1) 25.3.2+515ac5339e
			fabric-resource-conditions-api-v1: Fabric Resource Conditions API (v1) 6.1.0+10e9a28b9e
			fabric-resource-loader-v0: Fabric Resource Loader (v0) 3.3.20+4fc5413f9e
			fabric-resource-loader-v1: Fabric Resource Loader (v1) 2.0.13+9edec1269e
			fabric-screen-api-v1: Fabric Screen API (v1) 5.2.0+58e078ad9e
			fabric-serialization-api-v1: Fabric Serialization API (v1) 2.0.4+11a26f319e
			fabric-sound-api-v1: Fabric Sound API (v1) 2.0.5+11a26f319e
			fabric-tag-api-v1: Fabric Tag API (v1) 2.1.4+515ac5339e
			fabric-transfer-api-v1: Fabric Transfer API (v1) 8.0.12+11dbb7d79e
			fabric-transitive-access-wideners-v1: Fabric Transitive Access Wideners (v1) 8.1.4+67c847259e
		fabricloader: Fabric Loader 0.19.5
			mixinextras: MixinExtras 0.5.5
		ferritecore: FerriteCore 9.0.0
		iris: Iris 1.11.2+mc26.2
			io_github_douira_glsl-transformer: glsl-transformer 3.0.0-pre3
			org_anarres_jcpp: jcpp 1.4.14
			org_antlr_antlr4-runtime: antlr4-runtime 4.13.1
		java: OpenJDK 64-Bit Server VM 25
		litematica: Litematica 0.28.6
			conditional-mixin: conditional mixin 0.6.4
		lithium: Lithium 0.25.3+mc26.2
		malilib: MaLiLib 0.29.5
		minecraft: Minecraft 26.2
		modmenu: Mod Menu 20.0.1
		placeholder-api: Placeholder API 3.1.0-beta.1+26.2
		replaymod: Replay Mod 26.2-2.6.27
		savesnapshot: SaveSnapshot 1.0.0
		sodium: Sodium 0.9.1+mc26.2
		tickrate: TickRate 0.7.1-26.2
	Loaded Shaderpack: photon_v1.3b.zip
		Profile: high (+0 options changed by user)
	Launched Version: 26.2-Fabric
	Launcher name: HMCL
	Backend library: LWJGL version 3.4.1-snapshot
	Window size: 2560x1377
	Surface Info: acquired, FIFO, 2560 x 1377
	GFLW Platform: win32
	Graphics Device: NVIDIA GeForce RTX 4070/PCIe/SSE2
	Graphics Backend: OpenGL
	Graphics Vendor: NVIDIA Corporation
	Graphics Drivers: 3.3.0 NVIDIA 596.49
	Graphics Device Extensions: GL_ARB_multi_draw_indirect, GL_ARB_buffer_storage, GL_ARB_shader_draw_parameters, GL_ARB_base_instance, GL_KHR_debug, GL_ARB_draw_indirect, GL_ARB_clip_control, GL_ARB_vertex_attrib_binding, GL_ARB_direct_state_access, GL_EXT_texture_filter_anisotropic
	Graphics Device Type: OTHER
	Graphics Device Features: DeviceFeatures[shaderDrawParameters=true, multiDrawDirectInterleaved=false, multiDrawDirectSeparate=true, multiDrawIndirect=true, drawIndirect=true, nonZeroFirstInstance=true, persistentMapping=true]
	GL debug messages: 
	Is Modded: Definitely; Client brand changed to 'fabric'
	Universe: 400921fb54442d18
	Type: Client
	Transparency: regular
	Render Distance: 12/12 chunks
	Narrator config: OFF
	Narrator status: true
	Resource Packs: vanilla, conditional-mixin, dynamic_fps, dynamic_fps_common, fabric-api, fabric-api-base, fabric-api-lookup-api-v1, fabric-biome-api-v1, fabric-block-api-v1, fabric-block-getter-api-v2, fabric-command-api-v2, fabric-content-registries-v0, fabric-convention-tags-v2, fabric-crash-report-info-v1, fabric-creative-tab-api-v1, fabric-data-attachment-api-v1, fabric-data-generation-api-v1, fabric-debug-api-v1, fabric-dimensions-v1, fabric-entity-events-v1, fabric-events-interaction-v0, fabric-game-rule-api-v1, fabric-item-api-v1, fabric-key-mapping-api-v1, fabric-lifecycle-events-v1, fabric-loot-api-v3, fabric-menu-api-v1, fabric-message-api-v1, fabric-model-loading-api-v1, fabric-networking-api-v1, fabric-object-builder-api-v1, fabric-particles-v1, fabric-permission-api-v1, fabric-recipe-api-v1, fabric-registry-sync-v0, fabric-renderer-api-v1, fabric-renderer-indigo, fabric-rendering-fluids-v1, fabric-rendering-v1, fabric-resource-conditions-api-v1, fabric-resource-loader-v0, fabric-resource-loader-v1, fabric-screen-api-v1, fabric-serialization-api-v1, fabric-sound-api-v1, fabric-tag-api-v1, fabric-transfer-api-v1, fabric-transitive-access-wideners-v1, fabricloader, iris, litematica, lithium, malilib, modmenu, placeholder-api, replaymod (incompatible), savesnapshot, sodium, tickrate, file/FreshAnimations_v1.10.5.zip, file/BetterVanillaBuildingRemakeBeta5.zip
	Sound Cache: 92660 bytes in 2 buffers
	Current Language: zh_cn
	Locale: zh_CN
	System encoding: UTF-8
	File encoding: UTF-8
	CPU: 20x 13th Gen Intel(R) Core(TM) i5-13600KF
#@!@# Game crashed! Crash report saved to: #@!@# D:\MC\.minecraft\versions\26.2-Fabric\crash-reports\crash-2026-08-31_13.11.31-client.txt
